************* Module {abspath}
{relpath}:1:0: R0022: Useless option value for '--disable', 'buffer-builtin' was removed from pylint, see https://github.com/PyCQA/pylint/pull/4942. (useless-option-value)
{relpath}:1:0: R0022: Useless option value for '--enable', 'cmp-builtin' was removed from pylint, see https://github.com/PyCQA/pylint/pull/4942. (useless-option-value)
