************* Module {abspath}
{relpath}:1:0: E0012: Bad option value for --disable. Don't recognize message logging-not-lazylogging-format-interpolation. (bad-option-value)
{relpath}:1:0: E0012: Bad option value for --enable. Don't recognize message locally-disabledsuppressed-message. (bad-option-value)
