************* Module {abspath}
{relpath}:1:0: W0012: Unknown option value for '--enable', expected a valid pylint message and got 'useless-supression' (unknown-option-value)
