************* Module {abspath}
{relpath}:1:0: E0014: Out-of-place setting encountered in top level configuration-section 'load-plugins' : '[]' (bad-configuration-section)
