************* Module {abspath}
{relpath}:1:0: E0014: Incorrect setting encountered in top level configuration-section 'load-plugins' : '[]' (bad-configuration-option-value)
