WARNING: The use of 'MASTER' or 'master' as configuration section for pylint has been deprecated, as it's bad practice to not start sections titles with the tool name. Please use 'pylint.main' instead.
