************* Module {abspath}
{relpath}:1:0: E0015: Unrecognized option found: load_plugins, bad-functions (unrecognized-option)
