************* Module {abspath}
{relpath}:1:0: E0014: Out-of-place setting encountered in top level configuration-section 'max-line-length' : '120' (bad-configuration-section)
{relpath}:1:0: E0014: Out-of-place setting encountered in top level configuration-section 'disable' : '['C0330']' (bad-configuration-section)
